// Jest Snapshot v1, https://goo.gl/fbAQLP

exports[`blocks.rb matches expected output 1`] = `
"# frozen_string_literal: true

# rubocop:disable Lint/UnusedBlockArgument

loop { 1 }

loop { 1 }

loop do
  # foobar
end

port ENV.fetch('PORT') { 3000 }

test 'foobar' do
end

te.st 'foobar' do
end

test 'foobar' do
  foobar
end

te.st 'foobar' do
  foobar
end

test 'foobar', &:to_s

te.st 'foobar', &:to_s

loop do
  super_super_super_super_super_super_super_super_super_super_super_super_long
end

loop { super_super_super_super_super_super_super_super_super_super_super_long }

loop { |i| 1 }

loop { |i; j| 1 }

loop { |i| i }

loop { |*| i }

loop { |(a, b)| i }

loop { |a, (b, c), d, *e| i }

loop do |i|
  super_super_super_super_super_super_super_super_super_super_super_super_long
end

loop { |i| super_super_super_super_super_super_super_super_super_super_long }

# rubocop:disable Metrics/LineLength
define_method :long_method_name_that_forces_overflow do |_some_long_argument_that_overflows = Time.now, _other_arg = nil|
end
# rubocop:enable Metrics/LineLength

some_method.each do |foo|
  bar
  baz
end.to_i

[
  super_super_super_super_super_super_super_super_super_super_long,
  super_super_super_super_super_super_super_super_super_super_long
].to_s

{
  a: 'super_super_super_super_super_super_super_super_super_super_long',
  b: 'super_super_super_super_super_super_super_super_super_super_long'
}.to_s

loop(&:to_s)

loop(&:to_s)

loop do |i|
  i.to_s
  i.next
end

loop { |i| i.to_s :db }

loop { |i, j| i.to_s }

[1, 2, 3].each do |i|
  p i
end

def change
  change_table :foo do
    column :bar
  end
end

foo 'foo', &:to_s

target.method object.map do |arg|
  arg * 2
end

# from ruby test/ruby/test_call.rb
assert_nil(
  (
    'a'.sub! 'b' do
    end&.foo do
    end
  )
)

# rubocop:enable Lint/UnusedBlockArgument
"
`;
