// Jest Snapshot v1, https://goo.gl/fbAQLP

exports[`lambda.rb matches expected output 1`] = `
"# frozen_string_literal: true

-> { 1 }

->(a, b, c) { a + b + c }

lambda do
  super_super_super_super_super_super_super_super_super_super_super_super_long
end

lambda do |a, b, c|
  a + b + c + super_super_super_super_super_super_super_super_super_long
end

a.call(1, 2, 3)

a.call(1, 2, 3)

a[]

a[1, 2, 3]

->(a) { a }

-> { 1 }

command :foobar, ->(argument) { argument + argument }
comm.and :foobar, ->(argument) { argument + argument }

command :fooooooooooooobaaaaaaarrrrr,
        lambda { |argument|
          argument + argument + argument + argument + argument + argument
        }
comm.and :fooooooooooooobaaaaaaarrrrr,
         lambda { |argument|
           argument + argument + argument + argument + argument + argument
         }

# rubocop:disable Metrics/LineLength
command :fooooooooooooobaaaaaaarrrrr,
        lambda { |_fooooooooooooobaaaaaaarrrrr1, _fooooooooooooobaaaaaaarrrrr2, _fooooooooooooobaaaaaaarrrrr3|
          true
        }
# rubocop:enable Metrics/LineLength
"
`;
